
> odessa-auto-select@0.0.0 build
> vite build

[36mvite v5.4.19 [32mbuilding for production...[36m[39m
transforming...
node.exe : Browserslist: brow
sers data (caniuse-lite) is 1
0 months old. Please run:
строка:1 знак:1
+ & "C:\Program Files\nodejs/
node.exe" "C:\Program Files\n
odejs/node_mo ...
+ ~~~~~~~~~~~~~~~~~~~~~~~~~~~
~~~~~~~~~~~~~~~~~~~~~~~~~~~~~
~~~~~~~~~~~~~
    + CategoryInfo           
   : NotSpeci    fied: (Brows
ersli    st: b...ld. Pleas   
 e run::String) []    , Remot
eException
    + FullyQualifiedE    rror
Id : NativeCo    mmandError
 
  npx update-browserslist-db@
latest
  Why you should do it regula
rly: https://github.com/brows
erslist/update-db#readme
[32mтЬУ[39m 1761 modules transformed.
rendering chunks...
computing gzip size...
[2mdist/[22m[32mindex.html                    [39m[1m[2m  0.87 kB[22m[1m[22m[2m тФВ gzip:   0.40 kB[22m
[2mdist/[22m[32massets/vito-BHFkvX2m.jpg      [39m[1m[2m 40.12 kB[22m[1m[22m
[2mdist/[22m[32massets/rav4-CG924p8N.jpg      [39m[1m[2m 46.80 kB[22m[1m[22m
[2mdist/[22m[32massets/kona-B1ousMR2.jpg      [39m[1m[2m 49.03 kB[22m[1m[22m
[2mdist/[22m[32massets/clio-CoLW695W.jpg      [39m[1m[2m 49.10 kB[22m[1m[22m
[2mdist/[22m[32massets/tiguan-DOVLglSk.jpg    [39m[1m[2m 49.42 kB[22m[1m[22m
[2mdist/[22m[32massets/leaf-CMHyWiq4.jpg      [39m[1m[2m 53.13 kB[22m[1m[22m
[2mdist/[22m[32massets/sportage-BqlSEezm.jpg  [39m[1m[2m 53.33 kB[22m[1m[22m
[2mdist/[22m[32massets/eclass-CmCdOtNh.jpg    [39m[1m[2m 54.98 kB[22m[1m[22m
[2mdist/[22m[32massets/q5-8Y6g_S8O.jpg        [39m[1m[2m 55.60 kB[22m[1m[22m
[2mdist/[22m[32massets/octavia-Drjmbfwl.jpg   [39m[1m[2m 56.04 kB[22m[1m[22m
[2mdist/[22m[32massets/rio-DtSXS_c6.jpg       [39m[1m[2m 56.98 kB[22m[1m[22m
[2mdist/[22m[32massets/tucson-BGYRbuPy.jpg    [39m[1m[2m 60.22 kB[22m[1m[22m
[2mdist/[22m[32massets/passat-BKQDxDdt.jpg    [39m[1m[2m 63.28 kB[22m[1m[22m
[2mdist/[22m[32massets/camry-DuXbCrw1.jpg     [39m[1m[2m 63.61 kB[22m[1m[22m
[2mdist/[22m[32massets/bmw5-5qUjeX15.jpg      [39m[1m[2m 69.38 kB[22m[1m[22m
[2mdist/[22m[32massets/hero-CFz9cm5p.jpg      [39m[1m[2m160.73 kB[22m[1m[22m
[2mdist/[22m[35massets/index-B2RmQr5s.css     [39m[1m[2m 72.53 kB[22m[1m[22m[2m тФВ gzip:  13.00 kB[22m
[2mdist/[22m[36massets/index-BEyuklJt.js      [39m[1m[2m488.74 kB[22m[1m[22m[2m тФВ gzip: 151.18 kB[22m
[32mтЬУ built in 5.37s[39m
